// Jest Snapshot v1, https://goo.gl/fbAQLP

exports[`ComposerItem renders 1`] = `
ShallowWrapper {
  Symbol(enzyme.__root__): [Circular],
  Symbol(enzyme.__unrendered__): <ComposerItem
    composer={
      Object {
        "era": "",
        "id": 1,
        "name": "",
      }
    }
    onDelete={[MockFunction]}
  />,
  Symbol(enzyme.__renderer__): Object {
    "batchedUpdates": [Function],
    "checkPropTypes": [Function],
    "getNode": [Function],
    "render": [Function],
    "simulateError": [Function],
    "simulateEvent": [Function],
    "unmount": [Function],
  },
  Symbol(enzyme.__node__): Object {
    "instance": null,
    "key": undefined,
    "nodeType": "function",
    "props": Object {
      "backgroundColor": undefined,
      "breakpoint": null,
      "children": Array [
        <Link
          className="level-item level-left"
          replace={false}
          to="/composer/1"
        >
          
           
          
        </Link>,
        <div
          className="level-right"
        >
          <ItalicLink
            onClick={[Function]}
          >
            delete
          </ItalicLink>
        </div>,
      ],
      "className": "",
      "clearfix": undefined,
      "clipped": undefined,
      "hidden": undefined,
      "invisible": undefined,
      "italic": undefined,
      "marginless": undefined,
      "overlay": undefined,
      "paddingless": undefined,
      "pull": undefined,
      "radiusless": undefined,
      "renderAs": "div",
      "responsive": undefined,
      "shadowless": undefined,
      "style": Object {},
      "textAlignment": undefined,
      "textColor": undefined,
      "textSize": undefined,
      "textTransform": undefined,
      "textWeight": undefined,
      "unselectable": undefined,
    },
    "ref": null,
    "rendered": Array [
      Object {
        "instance": null,
        "key": undefined,
        "nodeType": "class",
        "props": Object {
          "children": Array [
            "",
            " ",
            "",
          ],
          "className": "level-item level-left",
          "replace": false,
          "to": "/composer/1",
        },
        "ref": null,
        "rendered": Array [
          "",
          " ",
          "",
        ],
        "type": [Function],
      },
      Object {
        "instance": null,
        "key": undefined,
        "nodeType": "host",
        "props": Object {
          "children": <ItalicLink
            onClick={[Function]}
          >
            delete
          </ItalicLink>,
          "className": "level-right",
        },
        "ref": null,
        "rendered": Object {
          "instance": null,
          "key": undefined,
          "nodeType": "function",
          "props": Object {
            "children": "delete",
            "onClick": [Function],
          },
          "ref": null,
          "rendered": "delete",
          "type": [Function],
        },
        "type": "div",
      },
    ],
    "type": [Function],
  },
  Symbol(enzyme.__nodes__): Array [
    Object {
      "instance": null,
      "key": undefined,
      "nodeType": "function",
      "props": Object {
        "backgroundColor": undefined,
        "breakpoint": null,
        "children": Array [
          <Link
            className="level-item level-left"
            replace={false}
            to="/composer/1"
          >
            
             
            
          </Link>,
          <div
            className="level-right"
          >
            <ItalicLink
              onClick={[Function]}
            >
              delete
            </ItalicLink>
          </div>,
        ],
        "className": "",
        "clearfix": undefined,
        "clipped": undefined,
        "hidden": undefined,
        "invisible": undefined,
        "italic": undefined,
        "marginless": undefined,
        "overlay": undefined,
        "paddingless": undefined,
        "pull": undefined,
        "radiusless": undefined,
        "renderAs": "div",
        "responsive": undefined,
        "shadowless": undefined,
        "style": Object {},
        "textAlignment": undefined,
        "textColor": undefined,
        "textSize": undefined,
        "textTransform": undefined,
        "textWeight": undefined,
        "unselectable": undefined,
      },
      "ref": null,
      "rendered": Array [
        Object {
          "instance": null,
          "key": undefined,
          "nodeType": "class",
          "props": Object {
            "children": Array [
              "",
              " ",
              "",
            ],
            "className": "level-item level-left",
            "replace": false,
            "to": "/composer/1",
          },
          "ref": null,
          "rendered": Array [
            "",
            " ",
            "",
          ],
          "type": [Function],
        },
        Object {
          "instance": null,
          "key": undefined,
          "nodeType": "host",
          "props": Object {
            "children": <ItalicLink
              onClick={[Function]}
            >
              delete
            </ItalicLink>,
            "className": "level-right",
          },
          "ref": null,
          "rendered": Object {
            "instance": null,
            "key": undefined,
            "nodeType": "function",
            "props": Object {
              "children": "delete",
              "onClick": [Function],
            },
            "ref": null,
            "rendered": "delete",
            "type": [Function],
          },
          "type": "div",
        },
      ],
      "type": [Function],
    },
  ],
  Symbol(enzyme.__options__): Object {
    "adapter": ReactSixteenAdapter {
      "options": Object {
        "enableComponentDidUpdateOnSetState": true,
        "legacyContextMode": "parent",
        "lifecycles": Object {
          "componentDidUpdate": Object {
            "onSetState": true,
          },
          "getChildContext": Object {
            "calledByRenderer": false,
          },
          "getDerivedStateFromProps": true,
          "getSnapshotBeforeUpdate": true,
          "setState": Object {
            "skipsComponentDidUpdateOnNullish": true,
          },
        },
      },
    },
  },
}
`;

exports[`Composers renders 1`] = `
ShallowWrapper {
  Symbol(enzyme.__root__): [Circular],
  Symbol(enzyme.__unrendered__): <Composers
    alert={
      Object {
        "show": [MockFunction] {
          "calls": Array [
            Array [
              <span
                className="alert-text"
              >
                Could not get Composers
              </span>,
              Object {
                "type": "error",
              },
            ],
          ],
          "results": Array [
            Object {
              "isThrow": false,
              "value": undefined,
            },
          ],
        },
      }
    }
    composers={
      Object {
        "list": Array [],
      }
    }
    createComposer={[MockFunction]}
    getComposers={
      [MockFunction] {
        "calls": Array [
          Array [
            "testtoken",
          ],
        ],
        "results": Array [
          Object {
            "isThrow": false,
            "value": undefined,
          },
        ],
      }
    }
    history={
      Object {
        "push": [MockFunction],
      }
    }
    token="testtoken"
    updateComposer={[MockFunction]}
  />,
  Symbol(enzyme.__renderer__): Object {
    "batchedUpdates": [Function],
    "checkPropTypes": [Function],
    "getNode": [Function],
    "render": [Function],
    "simulateError": [Function],
    "simulateEvent": [Function],
    "unmount": [Function],
  },
  Symbol(enzyme.__node__): Object {
    "instance": null,
    "key": undefined,
    "nodeType": "function",
    "props": Object {
      "children": Array [
        <Connect(Header) />,
        <Container
          breakpoint={null}
          fluid={false}
          renderAs="div"
          style={Object {}}
        >
          <Box
            className="margin-default"
            renderAs="div"
            style={Object {}}
          >
            <Level
              breakpoint={null}
              className=""
              renderAs="div"
              style={Object {}}
            >
              <Heading
                className="absolutely-no-margin level-left"
                heading={false}
                renderAs="h1"
                size={3}
                spaced={false}
                subtitle={false}
                weight={null}
              >
                Composers
              </Heading>
              <a
                className="level-right edit-link"
                onClick={[Function]}
              >
                <FontAwesomeIcon
                  border={false}
                  className=""
                  fixedWidth={false}
                  flip={null}
                  icon="plus"
                  inverse={false}
                  listItem={false}
                  mask={null}
                  pull={null}
                  pulse={false}
                  rotation={null}
                  size={null}
                  spin={false}
                  style={
                    Object {
                      "paddingRight": "0.2rem",
                    }
                  }
                  symbol={false}
                  title=""
                  transform={null}
                />
                Create
              </a>
            </Level>
            <br />
          </Box>
        </Container>,
        <Modal
          className=""
          closeOnBlur={true}
          closeOnEsc={true}
          document={null}
          onClose={[Function]}
          show={false}
          showClose={true}
        >
          <ModalContent
            className=""
            renderAs="div"
            style={Object {}}
          >
            <Box
              className=""
              renderAs="div"
              style={Object {}}
            >
              <ComposerForm
                errors={Object {}}
                onCancel={[Function]}
                onSubmit={[Function]}
              />
            </Box>
          </ModalContent>
        </Modal>,
      ],
    },
    "ref": null,
    "rendered": Array [
      Object {
        "instance": null,
        "key": undefined,
        "nodeType": "class",
        "props": Object {},
        "ref": null,
        "rendered": null,
        "type": [Function],
      },
      Object {
        "instance": null,
        "key": undefined,
        "nodeType": "function",
        "props": Object {
          "backgroundColor": undefined,
          "breakpoint": null,
          "children": <Box
            className="margin-default"
            renderAs="div"
            style={Object {}}
          >
            <Level
              breakpoint={null}
              className=""
              renderAs="div"
              style={Object {}}
            >
              <Heading
                className="absolutely-no-margin level-left"
                heading={false}
                renderAs="h1"
                size={3}
                spaced={false}
                subtitle={false}
                weight={null}
              >
                Composers
              </Heading>
              <a
                className="level-right edit-link"
                onClick={[Function]}
              >
                <FontAwesomeIcon
                  border={false}
                  className=""
                  fixedWidth={false}
                  flip={null}
                  icon="plus"
                  inverse={false}
                  listItem={false}
                  mask={null}
                  pull={null}
                  pulse={false}
                  rotation={null}
                  size={null}
                  spin={false}
                  style={
                    Object {
                      "paddingRight": "0.2rem",
                    }
                  }
                  symbol={false}
                  title=""
                  transform={null}
                />
                Create
              </a>
            </Level>
            <br />
          </Box>,
          "className": undefined,
          "clearfix": undefined,
          "clipped": undefined,
          "fluid": false,
          "hidden": undefined,
          "invisible": undefined,
          "italic": undefined,
          "marginless": undefined,
          "overlay": undefined,
          "paddingless": undefined,
          "pull": undefined,
          "radiusless": undefined,
          "renderAs": "div",
          "responsive": undefined,
          "shadowless": undefined,
          "style": Object {},
          "textAlignment": undefined,
          "textColor": undefined,
          "textSize": undefined,
          "textTransform": undefined,
          "textWeight": undefined,
          "unselectable": undefined,
        },
        "ref": null,
        "rendered": Object {
          "instance": null,
          "key": undefined,
          "nodeType": "function",
          "props": Object {
            "backgroundColor": undefined,
            "children": Array [
              <Level
                breakpoint={null}
                className=""
                renderAs="div"
                style={Object {}}
              >
                <Heading
                  className="absolutely-no-margin level-left"
                  heading={false}
                  renderAs="h1"
                  size={3}
                  spaced={false}
                  subtitle={false}
                  weight={null}
                >
                  Composers
                </Heading>
                <a
                  className="level-right edit-link"
                  onClick={[Function]}
                >
                  <FontAwesomeIcon
                    border={false}
                    className=""
                    fixedWidth={false}
                    flip={null}
                    icon="plus"
                    inverse={false}
                    listItem={false}
                    mask={null}
                    pull={null}
                    pulse={false}
                    rotation={null}
                    size={null}
                    spin={false}
                    style={
                      Object {
                        "paddingRight": "0.2rem",
                      }
                    }
                    symbol={false}
                    title=""
                    transform={null}
                  />
                  Create
                </a>
              </Level>,
              <br />,
              Array [],
            ],
            "className": "margin-default",
            "clearfix": undefined,
            "clipped": undefined,
            "hidden": undefined,
            "invisible": undefined,
            "italic": undefined,
            "marginless": undefined,
            "overlay": undefined,
            "paddingless": undefined,
            "pull": undefined,
            "radiusless": undefined,
            "renderAs": "div",
            "responsive": undefined,
            "shadowless": undefined,
            "style": Object {},
            "textAlignment": undefined,
            "textColor": undefined,
            "textSize": undefined,
            "textTransform": undefined,
            "textWeight": undefined,
            "unselectable": undefined,
          },
          "ref": null,
          "rendered": Array [
            Object {
              "instance": null,
              "key": undefined,
              "nodeType": "function",
              "props": Object {
                "backgroundColor": undefined,
                "breakpoint": null,
                "children": Array [
                  <Heading
                    className="absolutely-no-margin level-left"
                    heading={false}
                    renderAs="h1"
                    size={3}
                    spaced={false}
                    subtitle={false}
                    weight={null}
                  >
                    Composers
                  </Heading>,
                  <a
                    className="level-right edit-link"
                    onClick={[Function]}
                  >
                    <FontAwesomeIcon
                      border={false}
                      className=""
                      fixedWidth={false}
                      flip={null}
                      icon="plus"
                      inverse={false}
                      listItem={false}
                      mask={null}
                      pull={null}
                      pulse={false}
                      rotation={null}
                      size={null}
                      spin={false}
                      style={
                        Object {
                          "paddingRight": "0.2rem",
                        }
                      }
                      symbol={false}
                      title=""
                      transform={null}
                    />
                    Create
                  </a>,
                ],
                "className": "",
                "clearfix": undefined,
                "clipped": undefined,
                "hidden": undefined,
                "invisible": undefined,
                "italic": undefined,
                "marginless": undefined,
                "overlay": undefined,
                "paddingless": undefined,
                "pull": undefined,
                "radiusless": undefined,
                "renderAs": "div",
                "responsive": undefined,
                "shadowless": undefined,
                "style": Object {},
                "textAlignment": undefined,
                "textColor": undefined,
                "textSize": undefined,
                "textTransform": undefined,
                "textWeight": undefined,
                "unselectable": undefined,
              },
              "ref": null,
              "rendered": Array [
                Object {
                  "instance": null,
                  "key": undefined,
                  "nodeType": "function",
                  "props": Object {
                    "backgroundColor": undefined,
                    "children": "Composers",
                    "className": "absolutely-no-margin level-left",
                    "clearfix": undefined,
                    "clipped": undefined,
                    "heading": false,
                    "hidden": undefined,
                    "invisible": undefined,
                    "italic": undefined,
                    "marginless": undefined,
                    "overlay": undefined,
                    "paddingless": undefined,
                    "pull": undefined,
                    "radiusless": undefined,
                    "renderAs": "h1",
                    "responsive": undefined,
                    "shadowless": undefined,
                    "size": 3,
                    "spaced": false,
                    "subtitle": false,
                    "textAlignment": undefined,
                    "textColor": undefined,
                    "textSize": undefined,
                    "textTransform": undefined,
                    "textWeight": undefined,
                    "unselectable": undefined,
                    "weight": null,
                  },
                  "ref": null,
                  "rendered": "Composers",
                  "type": [Function],
                },
                Object {
                  "instance": null,
                  "key": undefined,
                  "nodeType": "host",
                  "props": Object {
                    "children": Array [
                      <FontAwesomeIcon
                        border={false}
                        className=""
                        fixedWidth={false}
                        flip={null}
                        icon="plus"
                        inverse={false}
                        listItem={false}
                        mask={null}
                        pull={null}
                        pulse={false}
                        rotation={null}
                        size={null}
                        spin={false}
                        style={
                          Object {
                            "paddingRight": "0.2rem",
                          }
                        }
                        symbol={false}
                        title=""
                        transform={null}
                      />,
                      "Create",
                    ],
                    "className": "level-right edit-link",
                    "onClick": [Function],
                  },
                  "ref": null,
                  "rendered": Array [
                    Object {
                      "instance": null,
                      "key": undefined,
                      "nodeType": "function",
                      "props": Object {
                        "border": false,
                        "className": "",
                        "fixedWidth": false,
                        "flip": null,
                        "icon": "plus",
                        "inverse": false,
                        "listItem": false,
                        "mask": null,
                        "pull": null,
                        "pulse": false,
                        "rotation": null,
                        "size": null,
                        "spin": false,
                        "style": Object {
                          "paddingRight": "0.2rem",
                        },
                        "symbol": false,
                        "title": "",
                        "transform": null,
                      },
                      "ref": null,
                      "rendered": null,
                      "type": [Function],
                    },
                    "Create",
                  ],
                  "type": "a",
                },
              ],
              "type": [Function],
            },
            Object {
              "instance": null,
              "key": undefined,
              "nodeType": "host",
              "props": Object {},
              "ref": null,
              "rendered": null,
              "type": "br",
            },
          ],
          "type": [Function],
        },
        "type": [Function],
      },
      Object {
        "instance": null,
        "key": undefined,
        "nodeType": "class",
        "props": Object {
          "children": <ModalContent
            className=""
            renderAs="div"
            style={Object {}}
          >
            <Box
              className=""
              renderAs="div"
              style={Object {}}
            >
              <ComposerForm
                errors={Object {}}
                onCancel={[Function]}
                onSubmit={[Function]}
              />
            </Box>
          </ModalContent>,
          "className": "",
          "closeOnBlur": true,
          "closeOnEsc": true,
          "document": null,
          "onClose": [Function],
          "show": false,
          "showClose": true,
        },
        "ref": null,
        "rendered": Object {
          "instance": null,
          "key": undefined,
          "nodeType": "function",
          "props": Object {
            "backgroundColor": undefined,
            "children": <Box
              className=""
              renderAs="div"
              style={Object {}}
            >
              <ComposerForm
                errors={Object {}}
                onCancel={[Function]}
                onSubmit={[Function]}
              />
            </Box>,
            "className": "",
            "clearfix": undefined,
            "clipped": undefined,
            "hidden": undefined,
            "invisible": undefined,
            "italic": undefined,
            "marginless": undefined,
            "overlay": undefined,
            "paddingless": undefined,
            "pull": undefined,
            "radiusless": undefined,
            "renderAs": "div",
            "responsive": undefined,
            "shadowless": undefined,
            "style": Object {},
            "textAlignment": undefined,
            "textColor": undefined,
            "textSize": undefined,
            "textTransform": undefined,
            "textWeight": undefined,
            "unselectable": undefined,
          },
          "ref": null,
          "rendered": Object {
            "instance": null,
            "key": undefined,
            "nodeType": "function",
            "props": Object {
              "backgroundColor": undefined,
              "children": <ComposerForm
                errors={Object {}}
                onCancel={[Function]}
                onSubmit={[Function]}
              />,
              "className": "",
              "clearfix": undefined,
              "clipped": undefined,
              "hidden": undefined,
              "invisible": undefined,
              "italic": undefined,
              "marginless": undefined,
              "overlay": undefined,
              "paddingless": undefined,
              "pull": undefined,
              "radiusless": undefined,
              "renderAs": "div",
              "responsive": undefined,
              "shadowless": undefined,
              "style": Object {},
              "textAlignment": undefined,
              "textColor": undefined,
              "textSize": undefined,
              "textTransform": undefined,
              "textWeight": undefined,
              "unselectable": undefined,
            },
            "ref": null,
            "rendered": Object {
              "instance": null,
              "key": undefined,
              "nodeType": "class",
              "props": Object {
                "errors": Object {},
                "onCancel": [Function],
                "onSubmit": [Function],
              },
              "ref": null,
              "rendered": null,
              "type": [Function],
            },
            "type": [Function],
          },
          "type": [Function],
        },
        "type": [Function],
      },
    ],
    "type": Symbol(react.fragment),
  },
  Symbol(enzyme.__nodes__): Array [
    Object {
      "instance": null,
      "key": undefined,
      "nodeType": "function",
      "props": Object {
        "children": Array [
          <Connect(Header) />,
          <Container
            breakpoint={null}
            fluid={false}
            renderAs="div"
            style={Object {}}
          >
            <Box
              className="margin-default"
              renderAs="div"
              style={Object {}}
            >
              <Level
                breakpoint={null}
                className=""
                renderAs="div"
                style={Object {}}
              >
                <Heading
                  className="absolutely-no-margin level-left"
                  heading={false}
                  renderAs="h1"
                  size={3}
                  spaced={false}
                  subtitle={false}
                  weight={null}
                >
                  Composers
                </Heading>
                <a
                  className="level-right edit-link"
                  onClick={[Function]}
                >
                  <FontAwesomeIcon
                    border={false}
                    className=""
                    fixedWidth={false}
                    flip={null}
                    icon="plus"
                    inverse={false}
                    listItem={false}
                    mask={null}
                    pull={null}
                    pulse={false}
                    rotation={null}
                    size={null}
                    spin={false}
                    style={
                      Object {
                        "paddingRight": "0.2rem",
                      }
                    }
                    symbol={false}
                    title=""
                    transform={null}
                  />
                  Create
                </a>
              </Level>
              <br />
            </Box>
          </Container>,
          <Modal
            className=""
            closeOnBlur={true}
            closeOnEsc={true}
            document={null}
            onClose={[Function]}
            show={false}
            showClose={true}
          >
            <ModalContent
              className=""
              renderAs="div"
              style={Object {}}
            >
              <Box
                className=""
                renderAs="div"
                style={Object {}}
              >
                <ComposerForm
                  errors={Object {}}
                  onCancel={[Function]}
                  onSubmit={[Function]}
                />
              </Box>
            </ModalContent>
          </Modal>,
        ],
      },
      "ref": null,
      "rendered": Array [
        Object {
          "instance": null,
          "key": undefined,
          "nodeType": "class",
          "props": Object {},
          "ref": null,
          "rendered": null,
          "type": [Function],
        },
        Object {
          "instance": null,
          "key": undefined,
          "nodeType": "function",
          "props": Object {
            "backgroundColor": undefined,
            "breakpoint": null,
            "children": <Box
              className="margin-default"
              renderAs="div"
              style={Object {}}
            >
              <Level
                breakpoint={null}
                className=""
                renderAs="div"
                style={Object {}}
              >
                <Heading
                  className="absolutely-no-margin level-left"
                  heading={false}
                  renderAs="h1"
                  size={3}
                  spaced={false}
                  subtitle={false}
                  weight={null}
                >
                  Composers
                </Heading>
                <a
                  className="level-right edit-link"
                  onClick={[Function]}
                >
                  <FontAwesomeIcon
                    border={false}
                    className=""
                    fixedWidth={false}
                    flip={null}
                    icon="plus"
                    inverse={false}
                    listItem={false}
                    mask={null}
                    pull={null}
                    pulse={false}
                    rotation={null}
                    size={null}
                    spin={false}
                    style={
                      Object {
                        "paddingRight": "0.2rem",
                      }
                    }
                    symbol={false}
                    title=""
                    transform={null}
                  />
                  Create
                </a>
              </Level>
              <br />
            </Box>,
            "className": undefined,
            "clearfix": undefined,
            "clipped": undefined,
            "fluid": false,
            "hidden": undefined,
            "invisible": undefined,
            "italic": undefined,
            "marginless": undefined,
            "overlay": undefined,
            "paddingless": undefined,
            "pull": undefined,
            "radiusless": undefined,
            "renderAs": "div",
            "responsive": undefined,
            "shadowless": undefined,
            "style": Object {},
            "textAlignment": undefined,
            "textColor": undefined,
            "textSize": undefined,
            "textTransform": undefined,
            "textWeight": undefined,
            "unselectable": undefined,
          },
          "ref": null,
          "rendered": Object {
            "instance": null,
            "key": undefined,
            "nodeType": "function",
            "props": Object {
              "backgroundColor": undefined,
              "children": Array [
                <Level
                  breakpoint={null}
                  className=""
                  renderAs="div"
                  style={Object {}}
                >
                  <Heading
                    className="absolutely-no-margin level-left"
                    heading={false}
                    renderAs="h1"
                    size={3}
                    spaced={false}
                    subtitle={false}
                    weight={null}
                  >
                    Composers
                  </Heading>
                  <a
                    className="level-right edit-link"
                    onClick={[Function]}
                  >
                    <FontAwesomeIcon
                      border={false}
                      className=""
                      fixedWidth={false}
                      flip={null}
                      icon="plus"
                      inverse={false}
                      listItem={false}
                      mask={null}
                      pull={null}
                      pulse={false}
                      rotation={null}
                      size={null}
                      spin={false}
                      style={
                        Object {
                          "paddingRight": "0.2rem",
                        }
                      }
                      symbol={false}
                      title=""
                      transform={null}
                    />
                    Create
                  </a>
                </Level>,
                <br />,
                Array [],
              ],
              "className": "margin-default",
              "clearfix": undefined,
              "clipped": undefined,
              "hidden": undefined,
              "invisible": undefined,
              "italic": undefined,
              "marginless": undefined,
              "overlay": undefined,
              "paddingless": undefined,
              "pull": undefined,
              "radiusless": undefined,
              "renderAs": "div",
              "responsive": undefined,
              "shadowless": undefined,
              "style": Object {},
              "textAlignment": undefined,
              "textColor": undefined,
              "textSize": undefined,
              "textTransform": undefined,
              "textWeight": undefined,
              "unselectable": undefined,
            },
            "ref": null,
            "rendered": Array [
              Object {
                "instance": null,
                "key": undefined,
                "nodeType": "function",
                "props": Object {
                  "backgroundColor": undefined,
                  "breakpoint": null,
                  "children": Array [
                    <Heading
                      className="absolutely-no-margin level-left"
                      heading={false}
                      renderAs="h1"
                      size={3}
                      spaced={false}
                      subtitle={false}
                      weight={null}
                    >
                      Composers
                    </Heading>,
                    <a
                      className="level-right edit-link"
                      onClick={[Function]}
                    >
                      <FontAwesomeIcon
                        border={false}
                        className=""
                        fixedWidth={false}
                        flip={null}
                        icon="plus"
                        inverse={false}
                        listItem={false}
                        mask={null}
                        pull={null}
                        pulse={false}
                        rotation={null}
                        size={null}
                        spin={false}
                        style={
                          Object {
                            "paddingRight": "0.2rem",
                          }
                        }
                        symbol={false}
                        title=""
                        transform={null}
                      />
                      Create
                    </a>,
                  ],
                  "className": "",
                  "clearfix": undefined,
                  "clipped": undefined,
                  "hidden": undefined,
                  "invisible": undefined,
                  "italic": undefined,
                  "marginless": undefined,
                  "overlay": undefined,
                  "paddingless": undefined,
                  "pull": undefined,
                  "radiusless": undefined,
                  "renderAs": "div",
                  "responsive": undefined,
                  "shadowless": undefined,
                  "style": Object {},
                  "textAlignment": undefined,
                  "textColor": undefined,
                  "textSize": undefined,
                  "textTransform": undefined,
                  "textWeight": undefined,
                  "unselectable": undefined,
                },
                "ref": null,
                "rendered": Array [
                  Object {
                    "instance": null,
                    "key": undefined,
                    "nodeType": "function",
                    "props": Object {
                      "backgroundColor": undefined,
                      "children": "Composers",
                      "className": "absolutely-no-margin level-left",
                      "clearfix": undefined,
                      "clipped": undefined,
                      "heading": false,
                      "hidden": undefined,
                      "invisible": undefined,
                      "italic": undefined,
                      "marginless": undefined,
                      "overlay": undefined,
                      "paddingless": undefined,
                      "pull": undefined,
                      "radiusless": undefined,
                      "renderAs": "h1",
                      "responsive": undefined,
                      "shadowless": undefined,
                      "size": 3,
                      "spaced": false,
                      "subtitle": false,
                      "textAlignment": undefined,
                      "textColor": undefined,
                      "textSize": undefined,
                      "textTransform": undefined,
                      "textWeight": undefined,
                      "unselectable": undefined,
                      "weight": null,
                    },
                    "ref": null,
                    "rendered": "Composers",
                    "type": [Function],
                  },
                  Object {
                    "instance": null,
                    "key": undefined,
                    "nodeType": "host",
                    "props": Object {
                      "children": Array [
                        <FontAwesomeIcon
                          border={false}
                          className=""
                          fixedWidth={false}
                          flip={null}
                          icon="plus"
                          inverse={false}
                          listItem={false}
                          mask={null}
                          pull={null}
                          pulse={false}
                          rotation={null}
                          size={null}
                          spin={false}
                          style={
                            Object {
                              "paddingRight": "0.2rem",
                            }
                          }
                          symbol={false}
                          title=""
                          transform={null}
                        />,
                        "Create",
                      ],
                      "className": "level-right edit-link",
                      "onClick": [Function],
                    },
                    "ref": null,
                    "rendered": Array [
                      Object {
                        "instance": null,
                        "key": undefined,
                        "nodeType": "function",
                        "props": Object {
                          "border": false,
                          "className": "",
                          "fixedWidth": false,
                          "flip": null,
                          "icon": "plus",
                          "inverse": false,
                          "listItem": false,
                          "mask": null,
                          "pull": null,
                          "pulse": false,
                          "rotation": null,
                          "size": null,
                          "spin": false,
                          "style": Object {
                            "paddingRight": "0.2rem",
                          },
                          "symbol": false,
                          "title": "",
                          "transform": null,
                        },
                        "ref": null,
                        "rendered": null,
                        "type": [Function],
                      },
                      "Create",
                    ],
                    "type": "a",
                  },
                ],
                "type": [Function],
              },
              Object {
                "instance": null,
                "key": undefined,
                "nodeType": "host",
                "props": Object {},
                "ref": null,
                "rendered": null,
                "type": "br",
              },
            ],
            "type": [Function],
          },
          "type": [Function],
        },
        Object {
          "instance": null,
          "key": undefined,
          "nodeType": "class",
          "props": Object {
            "children": <ModalContent
              className=""
              renderAs="div"
              style={Object {}}
            >
              <Box
                className=""
                renderAs="div"
                style={Object {}}
              >
                <ComposerForm
                  errors={Object {}}
                  onCancel={[Function]}
                  onSubmit={[Function]}
                />
              </Box>
            </ModalContent>,
            "className": "",
            "closeOnBlur": true,
            "closeOnEsc": true,
            "document": null,
            "onClose": [Function],
            "show": false,
            "showClose": true,
          },
          "ref": null,
          "rendered": Object {
            "instance": null,
            "key": undefined,
            "nodeType": "function",
            "props": Object {
              "backgroundColor": undefined,
              "children": <Box
                className=""
                renderAs="div"
                style={Object {}}
              >
                <ComposerForm
                  errors={Object {}}
                  onCancel={[Function]}
                  onSubmit={[Function]}
                />
              </Box>,
              "className": "",
              "clearfix": undefined,
              "clipped": undefined,
              "hidden": undefined,
              "invisible": undefined,
              "italic": undefined,
              "marginless": undefined,
              "overlay": undefined,
              "paddingless": undefined,
              "pull": undefined,
              "radiusless": undefined,
              "renderAs": "div",
              "responsive": undefined,
              "shadowless": undefined,
              "style": Object {},
              "textAlignment": undefined,
              "textColor": undefined,
              "textSize": undefined,
              "textTransform": undefined,
              "textWeight": undefined,
              "unselectable": undefined,
            },
            "ref": null,
            "rendered": Object {
              "instance": null,
              "key": undefined,
              "nodeType": "function",
              "props": Object {
                "backgroundColor": undefined,
                "children": <ComposerForm
                  errors={Object {}}
                  onCancel={[Function]}
                  onSubmit={[Function]}
                />,
                "className": "",
                "clearfix": undefined,
                "clipped": undefined,
                "hidden": undefined,
                "invisible": undefined,
                "italic": undefined,
                "marginless": undefined,
                "overlay": undefined,
                "paddingless": undefined,
                "pull": undefined,
                "radiusless": undefined,
                "renderAs": "div",
                "responsive": undefined,
                "shadowless": undefined,
                "style": Object {},
                "textAlignment": undefined,
                "textColor": undefined,
                "textSize": undefined,
                "textTransform": undefined,
                "textWeight": undefined,
                "unselectable": undefined,
              },
              "ref": null,
              "rendered": Object {
                "instance": null,
                "key": undefined,
                "nodeType": "class",
                "props": Object {
                  "errors": Object {},
                  "onCancel": [Function],
                  "onSubmit": [Function],
                },
                "ref": null,
                "rendered": null,
                "type": [Function],
              },
              "type": [Function],
            },
            "type": [Function],
          },
          "type": [Function],
        },
      ],
      "type": Symbol(react.fragment),
    },
  ],
  Symbol(enzyme.__options__): Object {
    "adapter": ReactSixteenAdapter {
      "options": Object {
        "enableComponentDidUpdateOnSetState": true,
        "legacyContextMode": "parent",
        "lifecycles": Object {
          "componentDidUpdate": Object {
            "onSetState": true,
          },
          "getChildContext": Object {
            "calledByRenderer": false,
          },
          "getDerivedStateFromProps": true,
          "getSnapshotBeforeUpdate": true,
          "setState": Object {
            "skipsComponentDidUpdateOnNullish": true,
          },
        },
      },
    },
  },
}
`;
