// Jest Snapshot v1, https://goo.gl/fbAQLP

exports[`LoginWrapper renders correctly 1`] = `
ShallowWrapper {
  Symbol(enzyme.__root__): [Circular],
  Symbol(enzyme.__unrendered__): <LoginWrapper
    account={
      Object {
        "errors": Object {},
      }
    }
    alert={
      Object {
        "show": [MockFunction],
      }
    }
    history={
      Object {
        "goBack": [MockFunction],
      }
    }
    login={[MockFunction]}
  />,
  Symbol(enzyme.__renderer__): Object {
    "batchedUpdates": [Function],
    "getNode": [Function],
    "render": [Function],
    "simulateError": [Function],
    "simulateEvent": [Function],
    "unmount": [Function],
  },
  Symbol(enzyme.__node__): Object {
    "instance": null,
    "key": undefined,
    "nodeType": "function",
    "props": Object {
      "children": Array [
        <Connect(Header) />,
        <Container
          breakpoint={null}
          fluid={false}
          renderAs="div"
          style={Object {}}
        >
          <Card
            className="margin-default"
            renderAs="div"
            style={Object {}}
          >
            <CardHeader
              renderAs="div"
            >
              <CardHeaderTitle
                renderAs="div"
              >
                Login
              </CardHeaderTitle>
            </CardHeader>
            <CardContent
              renderAs="div"
            >
              <LoginForm
                attemptLogin={[Function]}
                cancel={[Function]}
              />
              <CardContent
                renderAs="div"
              >
                <Link
                  replace={false}
                  to="/register"
                >
                  Don
                  '
                  t have an account? Register Here
                </Link>
              </CardContent>
            </CardContent>
          </Card>
        </Container>,
      ],
    },
    "ref": null,
    "rendered": Array [
      Object {
        "instance": null,
        "key": undefined,
        "nodeType": "class",
        "props": Object {},
        "ref": null,
        "rendered": null,
        "type": [Function],
      },
      Object {
        "instance": null,
        "key": undefined,
        "nodeType": "function",
        "props": Object {
          "backgroundColor": undefined,
          "breakpoint": null,
          "children": <Card
            className="margin-default"
            renderAs="div"
            style={Object {}}
          >
            <CardHeader
              renderAs="div"
            >
              <CardHeaderTitle
                renderAs="div"
              >
                Login
              </CardHeaderTitle>
            </CardHeader>
            <CardContent
              renderAs="div"
            >
              <LoginForm
                attemptLogin={[Function]}
                cancel={[Function]}
              />
              <CardContent
                renderAs="div"
              >
                <Link
                  replace={false}
                  to="/register"
                >
                  Don
                  '
                  t have an account? Register Here
                </Link>
              </CardContent>
            </CardContent>
          </Card>,
          "className": undefined,
          "clearfix": undefined,
          "clipped": undefined,
          "fluid": false,
          "hidden": undefined,
          "invisible": undefined,
          "italic": undefined,
          "marginless": undefined,
          "overlay": undefined,
          "paddingless": undefined,
          "pull": undefined,
          "radiusless": undefined,
          "renderAs": "div",
          "responsive": undefined,
          "shadowless": undefined,
          "style": Object {},
          "textAlignment": undefined,
          "textColor": undefined,
          "textSize": undefined,
          "textTransform": undefined,
          "textWeight": undefined,
          "unselectable": undefined,
        },
        "ref": null,
        "rendered": Object {
          "instance": null,
          "key": undefined,
          "nodeType": "function",
          "props": Object {
            "backgroundColor": undefined,
            "children": Array [
              <CardHeader
                renderAs="div"
              >
                <CardHeaderTitle
                  renderAs="div"
                >
                  Login
                </CardHeaderTitle>
              </CardHeader>,
              <CardContent
                renderAs="div"
              >
                <LoginForm
                  attemptLogin={[Function]}
                  cancel={[Function]}
                />
                <CardContent
                  renderAs="div"
                >
                  <Link
                    replace={false}
                    to="/register"
                  >
                    Don
                    '
                    t have an account? Register Here
                  </Link>
                </CardContent>
              </CardContent>,
            ],
            "className": "margin-default",
            "clearfix": undefined,
            "clipped": undefined,
            "hidden": undefined,
            "invisible": undefined,
            "italic": undefined,
            "marginless": undefined,
            "overlay": undefined,
            "paddingless": undefined,
            "pull": undefined,
            "radiusless": undefined,
            "renderAs": "div",
            "responsive": undefined,
            "shadowless": undefined,
            "style": Object {},
            "textAlignment": undefined,
            "textColor": undefined,
            "textSize": undefined,
            "textTransform": undefined,
            "textWeight": undefined,
            "unselectable": undefined,
          },
          "ref": null,
          "rendered": Array [
            Object {
              "instance": null,
              "key": undefined,
              "nodeType": "function",
              "props": Object {
                "backgroundColor": undefined,
                "children": <CardHeaderTitle
                  renderAs="div"
                >
                  Login
                </CardHeaderTitle>,
                "className": undefined,
                "clearfix": undefined,
                "clipped": undefined,
                "hidden": undefined,
                "invisible": undefined,
                "italic": undefined,
                "marginless": undefined,
                "overlay": undefined,
                "paddingless": undefined,
                "pull": undefined,
                "radiusless": undefined,
                "renderAs": "div",
                "responsive": undefined,
                "shadowless": undefined,
                "textAlignment": undefined,
                "textColor": undefined,
                "textSize": undefined,
                "textTransform": undefined,
                "textWeight": undefined,
                "unselectable": undefined,
              },
              "ref": null,
              "rendered": Object {
                "instance": null,
                "key": undefined,
                "nodeType": "function",
                "props": Object {
                  "backgroundColor": undefined,
                  "children": "Login",
                  "className": undefined,
                  "clearfix": undefined,
                  "clipped": undefined,
                  "hidden": undefined,
                  "invisible": undefined,
                  "italic": undefined,
                  "marginless": undefined,
                  "overlay": undefined,
                  "paddingless": undefined,
                  "pull": undefined,
                  "radiusless": undefined,
                  "renderAs": "div",
                  "responsive": undefined,
                  "shadowless": undefined,
                  "textAlignment": undefined,
                  "textColor": undefined,
                  "textSize": undefined,
                  "textTransform": undefined,
                  "textWeight": undefined,
                  "unselectable": undefined,
                },
                "ref": null,
                "rendered": "Login",
                "type": [Function],
              },
              "type": [Function],
            },
            Object {
              "instance": null,
              "key": undefined,
              "nodeType": "function",
              "props": Object {
                "backgroundColor": undefined,
                "children": Array [
                  <LoginForm
                    attemptLogin={[Function]}
                    cancel={[Function]}
                  />,
                  <CardContent
                    renderAs="div"
                  >
                    <Link
                      replace={false}
                      to="/register"
                    >
                      Don
                      '
                      t have an account? Register Here
                    </Link>
                  </CardContent>,
                ],
                "className": undefined,
                "clearfix": undefined,
                "clipped": undefined,
                "hidden": undefined,
                "invisible": undefined,
                "italic": undefined,
                "marginless": undefined,
                "overlay": undefined,
                "paddingless": undefined,
                "pull": undefined,
                "radiusless": undefined,
                "renderAs": "div",
                "responsive": undefined,
                "shadowless": undefined,
                "textAlignment": undefined,
                "textColor": undefined,
                "textSize": undefined,
                "textTransform": undefined,
                "textWeight": undefined,
                "unselectable": undefined,
              },
              "ref": null,
              "rendered": Array [
                Object {
                  "instance": null,
                  "key": undefined,
                  "nodeType": "class",
                  "props": Object {
                    "attemptLogin": [Function],
                    "cancel": [Function],
                  },
                  "ref": null,
                  "rendered": null,
                  "type": [Function],
                },
                Object {
                  "instance": null,
                  "key": undefined,
                  "nodeType": "function",
                  "props": Object {
                    "backgroundColor": undefined,
                    "children": <Link
                      replace={false}
                      to="/register"
                    >
                      Don
                      '
                      t have an account? Register Here
                    </Link>,
                    "className": undefined,
                    "clearfix": undefined,
                    "clipped": undefined,
                    "hidden": undefined,
                    "invisible": undefined,
                    "italic": undefined,
                    "marginless": undefined,
                    "overlay": undefined,
                    "paddingless": undefined,
                    "pull": undefined,
                    "radiusless": undefined,
                    "renderAs": "div",
                    "responsive": undefined,
                    "shadowless": undefined,
                    "textAlignment": undefined,
                    "textColor": undefined,
                    "textSize": undefined,
                    "textTransform": undefined,
                    "textWeight": undefined,
                    "unselectable": undefined,
                  },
                  "ref": null,
                  "rendered": Object {
                    "instance": null,
                    "key": undefined,
                    "nodeType": "class",
                    "props": Object {
                      "children": Array [
                        "Don",
                        "'",
                        "t have an account? Register Here",
                      ],
                      "replace": false,
                      "to": "/register",
                    },
                    "ref": null,
                    "rendered": Array [
                      "Don",
                      "'",
                      "t have an account? Register Here",
                    ],
                    "type": [Function],
                  },
                  "type": [Function],
                },
              ],
              "type": [Function],
            },
          ],
          "type": [Function],
        },
        "type": [Function],
      },
    ],
    "type": Symbol(react.fragment),
  },
  Symbol(enzyme.__nodes__): Array [
    Object {
      "instance": null,
      "key": undefined,
      "nodeType": "function",
      "props": Object {
        "children": Array [
          <Connect(Header) />,
          <Container
            breakpoint={null}
            fluid={false}
            renderAs="div"
            style={Object {}}
          >
            <Card
              className="margin-default"
              renderAs="div"
              style={Object {}}
            >
              <CardHeader
                renderAs="div"
              >
                <CardHeaderTitle
                  renderAs="div"
                >
                  Login
                </CardHeaderTitle>
              </CardHeader>
              <CardContent
                renderAs="div"
              >
                <LoginForm
                  attemptLogin={[Function]}
                  cancel={[Function]}
                />
                <CardContent
                  renderAs="div"
                >
                  <Link
                    replace={false}
                    to="/register"
                  >
                    Don
                    '
                    t have an account? Register Here
                  </Link>
                </CardContent>
              </CardContent>
            </Card>
          </Container>,
        ],
      },
      "ref": null,
      "rendered": Array [
        Object {
          "instance": null,
          "key": undefined,
          "nodeType": "class",
          "props": Object {},
          "ref": null,
          "rendered": null,
          "type": [Function],
        },
        Object {
          "instance": null,
          "key": undefined,
          "nodeType": "function",
          "props": Object {
            "backgroundColor": undefined,
            "breakpoint": null,
            "children": <Card
              className="margin-default"
              renderAs="div"
              style={Object {}}
            >
              <CardHeader
                renderAs="div"
              >
                <CardHeaderTitle
                  renderAs="div"
                >
                  Login
                </CardHeaderTitle>
              </CardHeader>
              <CardContent
                renderAs="div"
              >
                <LoginForm
                  attemptLogin={[Function]}
                  cancel={[Function]}
                />
                <CardContent
                  renderAs="div"
                >
                  <Link
                    replace={false}
                    to="/register"
                  >
                    Don
                    '
                    t have an account? Register Here
                  </Link>
                </CardContent>
              </CardContent>
            </Card>,
            "className": undefined,
            "clearfix": undefined,
            "clipped": undefined,
            "fluid": false,
            "hidden": undefined,
            "invisible": undefined,
            "italic": undefined,
            "marginless": undefined,
            "overlay": undefined,
            "paddingless": undefined,
            "pull": undefined,
            "radiusless": undefined,
            "renderAs": "div",
            "responsive": undefined,
            "shadowless": undefined,
            "style": Object {},
            "textAlignment": undefined,
            "textColor": undefined,
            "textSize": undefined,
            "textTransform": undefined,
            "textWeight": undefined,
            "unselectable": undefined,
          },
          "ref": null,
          "rendered": Object {
            "instance": null,
            "key": undefined,
            "nodeType": "function",
            "props": Object {
              "backgroundColor": undefined,
              "children": Array [
                <CardHeader
                  renderAs="div"
                >
                  <CardHeaderTitle
                    renderAs="div"
                  >
                    Login
                  </CardHeaderTitle>
                </CardHeader>,
                <CardContent
                  renderAs="div"
                >
                  <LoginForm
                    attemptLogin={[Function]}
                    cancel={[Function]}
                  />
                  <CardContent
                    renderAs="div"
                  >
                    <Link
                      replace={false}
                      to="/register"
                    >
                      Don
                      '
                      t have an account? Register Here
                    </Link>
                  </CardContent>
                </CardContent>,
              ],
              "className": "margin-default",
              "clearfix": undefined,
              "clipped": undefined,
              "hidden": undefined,
              "invisible": undefined,
              "italic": undefined,
              "marginless": undefined,
              "overlay": undefined,
              "paddingless": undefined,
              "pull": undefined,
              "radiusless": undefined,
              "renderAs": "div",
              "responsive": undefined,
              "shadowless": undefined,
              "style": Object {},
              "textAlignment": undefined,
              "textColor": undefined,
              "textSize": undefined,
              "textTransform": undefined,
              "textWeight": undefined,
              "unselectable": undefined,
            },
            "ref": null,
            "rendered": Array [
              Object {
                "instance": null,
                "key": undefined,
                "nodeType": "function",
                "props": Object {
                  "backgroundColor": undefined,
                  "children": <CardHeaderTitle
                    renderAs="div"
                  >
                    Login
                  </CardHeaderTitle>,
                  "className": undefined,
                  "clearfix": undefined,
                  "clipped": undefined,
                  "hidden": undefined,
                  "invisible": undefined,
                  "italic": undefined,
                  "marginless": undefined,
                  "overlay": undefined,
                  "paddingless": undefined,
                  "pull": undefined,
                  "radiusless": undefined,
                  "renderAs": "div",
                  "responsive": undefined,
                  "shadowless": undefined,
                  "textAlignment": undefined,
                  "textColor": undefined,
                  "textSize": undefined,
                  "textTransform": undefined,
                  "textWeight": undefined,
                  "unselectable": undefined,
                },
                "ref": null,
                "rendered": Object {
                  "instance": null,
                  "key": undefined,
                  "nodeType": "function",
                  "props": Object {
                    "backgroundColor": undefined,
                    "children": "Login",
                    "className": undefined,
                    "clearfix": undefined,
                    "clipped": undefined,
                    "hidden": undefined,
                    "invisible": undefined,
                    "italic": undefined,
                    "marginless": undefined,
                    "overlay": undefined,
                    "paddingless": undefined,
                    "pull": undefined,
                    "radiusless": undefined,
                    "renderAs": "div",
                    "responsive": undefined,
                    "shadowless": undefined,
                    "textAlignment": undefined,
                    "textColor": undefined,
                    "textSize": undefined,
                    "textTransform": undefined,
                    "textWeight": undefined,
                    "unselectable": undefined,
                  },
                  "ref": null,
                  "rendered": "Login",
                  "type": [Function],
                },
                "type": [Function],
              },
              Object {
                "instance": null,
                "key": undefined,
                "nodeType": "function",
                "props": Object {
                  "backgroundColor": undefined,
                  "children": Array [
                    <LoginForm
                      attemptLogin={[Function]}
                      cancel={[Function]}
                    />,
                    <CardContent
                      renderAs="div"
                    >
                      <Link
                        replace={false}
                        to="/register"
                      >
                        Don
                        '
                        t have an account? Register Here
                      </Link>
                    </CardContent>,
                  ],
                  "className": undefined,
                  "clearfix": undefined,
                  "clipped": undefined,
                  "hidden": undefined,
                  "invisible": undefined,
                  "italic": undefined,
                  "marginless": undefined,
                  "overlay": undefined,
                  "paddingless": undefined,
                  "pull": undefined,
                  "radiusless": undefined,
                  "renderAs": "div",
                  "responsive": undefined,
                  "shadowless": undefined,
                  "textAlignment": undefined,
                  "textColor": undefined,
                  "textSize": undefined,
                  "textTransform": undefined,
                  "textWeight": undefined,
                  "unselectable": undefined,
                },
                "ref": null,
                "rendered": Array [
                  Object {
                    "instance": null,
                    "key": undefined,
                    "nodeType": "class",
                    "props": Object {
                      "attemptLogin": [Function],
                      "cancel": [Function],
                    },
                    "ref": null,
                    "rendered": null,
                    "type": [Function],
                  },
                  Object {
                    "instance": null,
                    "key": undefined,
                    "nodeType": "function",
                    "props": Object {
                      "backgroundColor": undefined,
                      "children": <Link
                        replace={false}
                        to="/register"
                      >
                        Don
                        '
                        t have an account? Register Here
                      </Link>,
                      "className": undefined,
                      "clearfix": undefined,
                      "clipped": undefined,
                      "hidden": undefined,
                      "invisible": undefined,
                      "italic": undefined,
                      "marginless": undefined,
                      "overlay": undefined,
                      "paddingless": undefined,
                      "pull": undefined,
                      "radiusless": undefined,
                      "renderAs": "div",
                      "responsive": undefined,
                      "shadowless": undefined,
                      "textAlignment": undefined,
                      "textColor": undefined,
                      "textSize": undefined,
                      "textTransform": undefined,
                      "textWeight": undefined,
                      "unselectable": undefined,
                    },
                    "ref": null,
                    "rendered": Object {
                      "instance": null,
                      "key": undefined,
                      "nodeType": "class",
                      "props": Object {
                        "children": Array [
                          "Don",
                          "'",
                          "t have an account? Register Here",
                        ],
                        "replace": false,
                        "to": "/register",
                      },
                      "ref": null,
                      "rendered": Array [
                        "Don",
                        "'",
                        "t have an account? Register Here",
                      ],
                      "type": [Function],
                    },
                    "type": [Function],
                  },
                ],
                "type": [Function],
              },
            ],
            "type": [Function],
          },
          "type": [Function],
        },
      ],
      "type": Symbol(react.fragment),
    },
  ],
  Symbol(enzyme.__options__): Object {
    "adapter": ReactSixteenAdapter {
      "options": Object {
        "enableComponentDidUpdateOnSetState": true,
        "lifecycles": Object {
          "componentDidUpdate": Object {
            "onSetState": true,
          },
          "getDerivedStateFromProps": true,
          "getSnapshotBeforeUpdate": true,
          "setState": Object {
            "skipsComponentDidUpdateOnNullish": true,
          },
        },
      },
    },
  },
}
`;
