// Jest Snapshot v1, https://goo.gl/fbAQLP

exports[`TagItem matches snapshot 1`] = `
ShallowWrapper {
  Symbol(enzyme.__root__): [Circular],
  Symbol(enzyme.__unrendered__): <ListItem
    deleteCallback={[MockFunction]}
    item={
      Object {
        "id": 5,
        "name": "test",
      }
    }
    link="test item"
    saveCallback={[MockFunction]}
  />,
  Symbol(enzyme.__renderer__): Object {
    "batchedUpdates": [Function],
    "checkPropTypes": [Function],
    "getNode": [Function],
    "render": [Function],
    "simulateError": [Function],
    "simulateEvent": [Function],
    "unmount": [Function],
  },
  Symbol(enzyme.__node__): Object {
    "instance": null,
    "key": undefined,
    "nodeType": "function",
    "props": Object {
      "backgroundColor": undefined,
      "breakpoint": null,
      "children": Array [
        <FieldDisplay
          backendFieldName=""
          linkTo="/test item/5"
          saveCallback={[MockFunction]}
          value="test"
        />,
        <div
          className="links"
        >
          <a
            className="edit-link"
            onClick={[Function]}
          >
            delete
          </a>
        </div>,
      ],
      "className": "",
      "clearfix": undefined,
      "clipped": undefined,
      "hidden": undefined,
      "invisible": undefined,
      "italic": undefined,
      "marginless": undefined,
      "overlay": undefined,
      "paddingless": undefined,
      "pull": undefined,
      "radiusless": undefined,
      "renderAs": "div",
      "responsive": undefined,
      "shadowless": undefined,
      "style": Object {},
      "textAlignment": undefined,
      "textColor": undefined,
      "textSize": undefined,
      "textTransform": undefined,
      "textWeight": undefined,
      "unselectable": undefined,
    },
    "ref": null,
    "rendered": Array [
      Object {
        "instance": null,
        "key": undefined,
        "nodeType": "class",
        "props": Object {
          "backendFieldName": "",
          "errors": undefined,
          "linkTo": "/test item/5",
          "saveCallback": [MockFunction],
          "value": "test",
        },
        "ref": null,
        "rendered": null,
        "type": [Function],
      },
      Object {
        "instance": null,
        "key": undefined,
        "nodeType": "host",
        "props": Object {
          "children": <a
            className="edit-link"
            onClick={[Function]}
          >
            delete
          </a>,
          "className": "links",
        },
        "ref": null,
        "rendered": Object {
          "instance": null,
          "key": undefined,
          "nodeType": "host",
          "props": Object {
            "children": "delete",
            "className": "edit-link",
            "onClick": [Function],
          },
          "ref": null,
          "rendered": "delete",
          "type": "a",
        },
        "type": "div",
      },
    ],
    "type": [Function],
  },
  Symbol(enzyme.__nodes__): Array [
    Object {
      "instance": null,
      "key": undefined,
      "nodeType": "function",
      "props": Object {
        "backgroundColor": undefined,
        "breakpoint": null,
        "children": Array [
          <FieldDisplay
            backendFieldName=""
            linkTo="/test item/5"
            saveCallback={[MockFunction]}
            value="test"
          />,
          <div
            className="links"
          >
            <a
              className="edit-link"
              onClick={[Function]}
            >
              delete
            </a>
          </div>,
        ],
        "className": "",
        "clearfix": undefined,
        "clipped": undefined,
        "hidden": undefined,
        "invisible": undefined,
        "italic": undefined,
        "marginless": undefined,
        "overlay": undefined,
        "paddingless": undefined,
        "pull": undefined,
        "radiusless": undefined,
        "renderAs": "div",
        "responsive": undefined,
        "shadowless": undefined,
        "style": Object {},
        "textAlignment": undefined,
        "textColor": undefined,
        "textSize": undefined,
        "textTransform": undefined,
        "textWeight": undefined,
        "unselectable": undefined,
      },
      "ref": null,
      "rendered": Array [
        Object {
          "instance": null,
          "key": undefined,
          "nodeType": "class",
          "props": Object {
            "backendFieldName": "",
            "errors": undefined,
            "linkTo": "/test item/5",
            "saveCallback": [MockFunction],
            "value": "test",
          },
          "ref": null,
          "rendered": null,
          "type": [Function],
        },
        Object {
          "instance": null,
          "key": undefined,
          "nodeType": "host",
          "props": Object {
            "children": <a
              className="edit-link"
              onClick={[Function]}
            >
              delete
            </a>,
            "className": "links",
          },
          "ref": null,
          "rendered": Object {
            "instance": null,
            "key": undefined,
            "nodeType": "host",
            "props": Object {
              "children": "delete",
              "className": "edit-link",
              "onClick": [Function],
            },
            "ref": null,
            "rendered": "delete",
            "type": "a",
          },
          "type": "div",
        },
      ],
      "type": [Function],
    },
  ],
  Symbol(enzyme.__options__): Object {
    "adapter": ReactSixteenAdapter {
      "options": Object {
        "enableComponentDidUpdateOnSetState": true,
        "legacyContextMode": "parent",
        "lifecycles": Object {
          "componentDidUpdate": Object {
            "onSetState": true,
          },
          "getChildContext": Object {
            "calledByRenderer": false,
          },
          "getDerivedStateFromProps": true,
          "getSnapshotBeforeUpdate": true,
          "setState": Object {
            "skipsComponentDidUpdateOnNullish": true,
          },
        },
      },
    },
  },
}
`;
